MPLINK 4.43, Linker
Linker Map File - Created Mon May 02 20:34:02 2022

                                 Section Info
                  Section       Type    Address   Location Size(Bytes)
                ---------  ---------  ---------  ---------  ---------
                   .org_0       code   0x000000    program   0x000000
                   .org_1       code   0x000000    program   0x0000ae



                              Program Memory Usage 
                               Start         End      
                           ---------   ---------      
                            0x000000    0x0000ad      
            174 out of 33048 program addresses used, program memory utilization is 0%



                              Symbols - Sorted by Name
                     Name    Address   Location    Storage File                     
                ---------  ---------  ---------  --------- ---------                
           BAIXO_COM_AGUA   0x000040    program     static F:\FIAP\4ECA\PCM\NAC02\NAC2_EX2\NAC2_EX2.asm
           BAIXO_SEM_AGUA   0x00003a    program     static F:\FIAP\4ECA\PCM\NAC02\NAC2_EX2\NAC2_EX2.asm
              BAIXO_VAZIO   0x0000a8    program     static F:\FIAP\4ECA\PCM\NAC02\NAC2_EX2\NAC2_EX2.asm
            CIMA_COM_AGUA   0x000034    program     static F:\FIAP\4ECA\PCM\NAC02\NAC2_EX2\NAC2_EX2.asm
            CIMA_SEM_AGUA   0x00002e    program     static F:\FIAP\4ECA\PCM\NAC02\NAC2_EX2\NAC2_EX2.asm
               CIMA_VAZIO   0x000084    program     static F:\FIAP\4ECA\PCM\NAC02\NAC2_EX2\NAC2_EX2.asm
          DESLIGA_VALVULA   0x00005a    program     static F:\FIAP\4ECA\PCM\NAC02\NAC2_EX2\NAC2_EX2.asm
                   INICIO   0x000004    program     static F:\FIAP\4ECA\PCM\NAC02\NAC2_EX2\NAC2_EX2.asm
             LIGA_VALVULA   0x000052    program     static F:\FIAP\4ECA\PCM\NAC02\NAC2_EX2\NAC2_EX2.asm
                     MAIN   0x00001a    program     static F:\FIAP\4ECA\PCM\NAC02\NAC2_EX2\NAC2_EX2.asm
             PRENDE_BOTAO   0x000072    program     static F:\FIAP\4ECA\PCM\NAC02\NAC2_EX2\NAC2_EX2.asm
            PRENDE_BOTAO2   0x000096    program     static F:\FIAP\4ECA\PCM\NAC02\NAC2_EX2\NAC2_EX2.asm
           PRIMEIRO_BOTAO   0x000066    program     static F:\FIAP\4ECA\PCM\NAC02\NAC2_EX2\NAC2_EX2.asm
            PROXIMO_BOTAO   0x000086    program     static F:\FIAP\4ECA\PCM\NAC02\NAC2_EX2\NAC2_EX2.asm
       SEGUNDO_FILTRO_BOT   0x00008a    program     static F:\FIAP\4ECA\PCM\NAC02\NAC2_EX2\NAC2_EX2.asm
              TESTA_BAIXO   0x000024    program     static F:\FIAP\4ECA\PCM\NAC02\NAC2_EX2\NAC2_EX2.asm
             TESTE_BOTOES   0x000062    program     static F:\FIAP\4ECA\PCM\NAC02\NAC2_EX2\NAC2_EX2.asm
         VERIFICA_VALVULA   0x000046    program     static F:\FIAP\4ECA\PCM\NAC02\NAC2_EX2\NAC2_EX2.asm



                              Symbols - Sorted by Address
                     Name    Address   Location    Storage File                     
                ---------  ---------  ---------  --------- ---------                
                   INICIO   0x000004    program     static F:\FIAP\4ECA\PCM\NAC02\NAC2_EX2\NAC2_EX2.asm
                     MAIN   0x00001a    program     static F:\FIAP\4ECA\PCM\NAC02\NAC2_EX2\NAC2_EX2.asm
              TESTA_BAIXO   0x000024    program     static F:\FIAP\4ECA\PCM\NAC02\NAC2_EX2\NAC2_EX2.asm
            CIMA_SEM_AGUA   0x00002e    program     static F:\FIAP\4ECA\PCM\NAC02\NAC2_EX2\NAC2_EX2.asm
            CIMA_COM_AGUA   0x000034    program     static F:\FIAP\4ECA\PCM\NAC02\NAC2_EX2\NAC2_EX2.asm
           BAIXO_SEM_AGUA   0x00003a    program     static F:\FIAP\4ECA\PCM\NAC02\NAC2_EX2\NAC2_EX2.asm
           BAIXO_COM_AGUA   0x000040    program     static F:\FIAP\4ECA\PCM\NAC02\NAC2_EX2\NAC2_EX2.asm
         VERIFICA_VALVULA   0x000046    program     static F:\FIAP\4ECA\PCM\NAC02\NAC2_EX2\NAC2_EX2.asm
             LIGA_VALVULA   0x000052    program     static F:\FIAP\4ECA\PCM\NAC02\NAC2_EX2\NAC2_EX2.asm
          DESLIGA_VALVULA   0x00005a    program     static F:\FIAP\4ECA\PCM\NAC02\NAC2_EX2\NAC2_EX2.asm
             TESTE_BOTOES   0x000062    program     static F:\FIAP\4ECA\PCM\NAC02\NAC2_EX2\NAC2_EX2.asm
           PRIMEIRO_BOTAO   0x000066    program     static F:\FIAP\4ECA\PCM\NAC02\NAC2_EX2\NAC2_EX2.asm
             PRENDE_BOTAO   0x000072    program     static F:\FIAP\4ECA\PCM\NAC02\NAC2_EX2\NAC2_EX2.asm
               CIMA_VAZIO   0x000084    program     static F:\FIAP\4ECA\PCM\NAC02\NAC2_EX2\NAC2_EX2.asm
            PROXIMO_BOTAO   0x000086    program     static F:\FIAP\4ECA\PCM\NAC02\NAC2_EX2\NAC2_EX2.asm
       SEGUNDO_FILTRO_BOT   0x00008a    program     static F:\FIAP\4ECA\PCM\NAC02\NAC2_EX2\NAC2_EX2.asm
            PRENDE_BOTAO2   0x000096    program     static F:\FIAP\4ECA\PCM\NAC02\NAC2_EX2\NAC2_EX2.asm
              BAIXO_VAZIO   0x0000a8    program     static F:\FIAP\4ECA\PCM\NAC02\NAC2_EX2\NAC2_EX2.asm


