MPLINK 4.43, Linker
Linker Map File - Created Mon May 02 02:25:44 2022

                                 Section Info
                  Section       Type    Address   Location Size(Bytes)
                ---------  ---------  ---------  ---------  ---------
                   .org_0       code   0x000000    program   0x000000
                   .org_1       code   0x000000    program   0x000090



                              Program Memory Usage 
                               Start         End      
                           ---------   ---------      
                            0x000000    0x00008f      
            144 out of 33048 program addresses used, program memory utilization is 0%



                              Symbols - Sorted by Name
                     Name    Address   Location    Storage File                     
                ---------  ---------  ---------  --------- ---------                
           BAIXO_COM_AGUA   0x00003e    program     static F:\FIAP\4ECA\PCM\NAC02\NAC2_EX2\NAC2_EX2.asm
           BAIXO_SEM_AGUA   0x000046    program     static F:\FIAP\4ECA\PCM\NAC02\NAC2_EX2\NAC2_EX2.asm
              BAIXO_VAZIO   0x00008a    program     static F:\FIAP\4ECA\PCM\NAC02\NAC2_EX2\NAC2_EX2.asm
            CIMA_COM_AGUA   0x00002e    program     static F:\FIAP\4ECA\PCM\NAC02\NAC2_EX2\NAC2_EX2.asm
            CIMA_SEM_AGUA   0x000036    program     static F:\FIAP\4ECA\PCM\NAC02\NAC2_EX2\NAC2_EX2.asm
               CIMA_VAZIO   0x00006e    program     static F:\FIAP\4ECA\PCM\NAC02\NAC2_EX2\NAC2_EX2.asm
                   INICIO   0x000004    program     static F:\FIAP\4ECA\PCM\NAC02\NAC2_EX2\NAC2_EX2.asm
                     MAIN   0x00001a    program     static F:\FIAP\4ECA\PCM\NAC02\NAC2_EX2\NAC2_EX2.asm
           PRIMEIRO_BOTAO   0x000056    program     static F:\FIAP\4ECA\PCM\NAC02\NAC2_EX2\NAC2_EX2.asm
            PROXIMO_BOTAO   0x000070    program     static F:\FIAP\4ECA\PCM\NAC02\NAC2_EX2\NAC2_EX2.asm
       SEGUNDO_FILTRO_BOT   0x000072    program     static F:\FIAP\4ECA\PCM\NAC02\NAC2_EX2\NAC2_EX2.asm
              TESTA_BAIXO   0x000024    program     static F:\FIAP\4ECA\PCM\NAC02\NAC2_EX2\NAC2_EX2.asm
             TESTE_BOTOES   0x000052    program     static F:\FIAP\4ECA\PCM\NAC02\NAC2_EX2\NAC2_EX2.asm



                              Symbols - Sorted by Address
                     Name    Address   Location    Storage File                     
                ---------  ---------  ---------  --------- ---------                
                   INICIO   0x000004    program     static F:\FIAP\4ECA\PCM\NAC02\NAC2_EX2\NAC2_EX2.asm
                     MAIN   0x00001a    program     static F:\FIAP\4ECA\PCM\NAC02\NAC2_EX2\NAC2_EX2.asm
              TESTA_BAIXO   0x000024    program     static F:\FIAP\4ECA\PCM\NAC02\NAC2_EX2\NAC2_EX2.asm
            CIMA_COM_AGUA   0x00002e    program     static F:\FIAP\4ECA\PCM\NAC02\NAC2_EX2\NAC2_EX2.asm
            CIMA_SEM_AGUA   0x000036    program     static F:\FIAP\4ECA\PCM\NAC02\NAC2_EX2\NAC2_EX2.asm
           BAIXO_COM_AGUA   0x00003e    program     static F:\FIAP\4ECA\PCM\NAC02\NAC2_EX2\NAC2_EX2.asm
           BAIXO_SEM_AGUA   0x000046    program     static F:\FIAP\4ECA\PCM\NAC02\NAC2_EX2\NAC2_EX2.asm
             TESTE_BOTOES   0x000052    program     static F:\FIAP\4ECA\PCM\NAC02\NAC2_EX2\NAC2_EX2.asm
           PRIMEIRO_BOTAO   0x000056    program     static F:\FIAP\4ECA\PCM\NAC02\NAC2_EX2\NAC2_EX2.asm
               CIMA_VAZIO   0x00006e    program     static F:\FIAP\4ECA\PCM\NAC02\NAC2_EX2\NAC2_EX2.asm
            PROXIMO_BOTAO   0x000070    program     static F:\FIAP\4ECA\PCM\NAC02\NAC2_EX2\NAC2_EX2.asm
       SEGUNDO_FILTRO_BOT   0x000072    program     static F:\FIAP\4ECA\PCM\NAC02\NAC2_EX2\NAC2_EX2.asm
              BAIXO_VAZIO   0x00008a    program     static F:\FIAP\4ECA\PCM\NAC02\NAC2_EX2\NAC2_EX2.asm


